Consoles: userboot  

FreeBSD/amd64 User boot lua, Revision 3.0
|/-\|Loading /boot/defaults/loader.conf
Loading /boot/defaults/loader.conf
Loading /boot/device.hints
/Loading /boot/loader.conf
Loading /boot/loader.conf.local
-\c|/[H[J[9;45H  [31m```                        [31;1m`[31m[10;45H s` `.....---...[31;1m....--.```   -/[31m[11;45H +o   .--`         [31;1m/y:`      +.[31m[12;45H  yo`:.            [31;1m:o      `+-[31m[13;45H   y/               [31;1m-/`   -o/[31m[14;45H  .-                  [31;1m::/sy+:.[31m[15;45H  /                     [31;1m`--  /[31m[16;45H `:                          [31;1m:`[31m[17;45H `:                          [31;1m:`[31m[18;45H  /                          [31;1m/[31m[19;45H  .-                        [31;1m-.[31m[20;45H   --                      [31;1m-.[31m[21;45H    `:`                  [31;1m`:`[22;45H      [31;1m.--             `--.[23;45H         .---.....----.[m[1;2H  ______               ____   _____ _____  [2;2H |  ____|             |  _ \ / ____|  __ \ [3;2H | |___ _ __ ___  ___ | |_) | (___ | |  | |[4;2H |  ___| '__/ _ \/ _ \|  _ < \___ \| |  | |[5;2H | |   | | |  __/  __/| |_) |____) | |__| |[6;2H | |   | | |    |    ||     |      |      |[7;2H |_|   |_|  \___|\___||____/|_____/|_____/ [9;2H+[23;2H+[9;41H+[23;41H+[9;3H--------------------------------------[23;3H--------------------------------------[10;2H|[10;41H|[11;2H|[11;41H|[12;2H|[12;41H|[13;2H|[13;41H|[14;2H|[14;41H|[15;2H|[15;41H|[16;2H|[16;41H|[17;2H|[17;41H|[18;2H|[18;41H|[19;2H|[19;41H|[20;2H|[20;41H|[21;2H|[21;41H|[22;2H|[22;41H|[9;11H Welcome to FreeBSD [11;5H1. [1mB[22moot Multi user [1m[Enter][22m[12;5H2. Boot [1mS[22mingle user[13;5H3. [1mEsc[22mape to loader prompt[14;5H4. [1mR[22meboot[15;5H5. [1mC[22mons: Dual (Serial primary)[16;5H[17;5HKernel:[18;5H-\|/-\|/-\|/6. [32mMACHDEBUGDEBUG[39m (1 of 4)[19;5H[20;5HOptions:[21;5H7. Boot [1mO[22mptions[22;5H[25;1H[24;4HAutoboot in 1 seconds. [Space] to pause [25;1H[24;4HAutoboot in 0 seconds. [Space] to pause [25;1HLoading kernel...
-\|/boot/MACHDEBUGDEBUG/kernel text=0x192dd8 /text=0xe4a39c -\|/-\|text=0x4acc7d /-data=0x180+0xe80 data=0x1b11a0+0x84ee60 \0x8+0x1ad0c0|+0x8+0x17b9cd/
Loading configured modules...
/etc/hostid size=0x25
-\|/-\|/-/boot/modules/mach.ko \size 0x59d08 at 0x272a000
/boot/entropy size=0x1000
GDB: no debug ports present
KDB: debugger backends: ddb
KDB: current backend: ddb
---<<BOOT>>---
Copyright (c) 1992-2025 The FreeBSD Project.
Copyright (c) 1979, 1980, 1983, 1986, 1988, 1989, 1991, 1992, 1993, 1994
	The Regents of the University of California. All rights reserved.
FreeBSD is a registered trademark of The FreeBSD Foundation.
FreeBSD 15.1-STABLE rmx/official-stable15-mach-n283869-f71260cf4c9e MACHDEBUGDEBUG amd64
FreeBSD clang version 19.1.7 (https://github.com/llvm/llvm-project.git llvmorg-19.1.7-0-gcd708029e0b2)
WARNING: WITNESS option enabled, expect reduced performance.
SRAT: Ignoring memory at addr 0xff000000
VT: init without driver.
mach services loaded - mach system calls available
CPU: Intel(R) Xeon(R) CPU E5-2680 v4 @ 2.40GHz (2394.77-MHz K8-class CPU)
  Origin="GenuineIntel"  Id=0x406f1  Family=0x6  Model=0x4f  Stepping=1
  Features=0x9f83fbff<FPU,VME,DE,PSE,TSC,MSR,PAE,MCE,CX8,APIC,SEP,MTRR,PGE,MCA,CMOV,PAT,PSE36,MMX,FXSR,SSE,SSE2,SS,HTT,PBE>
  Features2=0xfede7a17<SSE3,PCLMULQDQ,DTES64,DS_CPL,SSSE3,SDBG,FMA,CX16,xTPR,PCID,DCA,SSE4.1,SSE4.2,MOVBE,POPCNT,AESNI,XSAVE,OSXSAVE,AVX,F16C,RDRAND,HV>
  AMD Features=0x2c100800<SYSCALL,NX,Page1GB,RDTSCP,LM>
  AMD Features2=0x121<LAHF,ABM,Prefetch>
  Structured Extended Features=0x140fb9<FSGSBASE,BMI1,HLE,AVX2,SMEP,BMI2,ERMS,INVPCID,RTM,RDSEED,SMAP>
  Structured Extended Features3=0x400<MD_CLEAR>
  XSAVE Features=0x1<XSAVEOPT>
  TSC: P-state invariant
Hypervisor: Origin = "bhyve bhyve "
real memory  = 5368709120 (5120 MB)
avail memory = 4104110080 (3913 MB)
Event timer "LAPIC" quality 600
ACPI APIC Table: <BHYVE  BVAPIC >
FreeBSD/SMP: Multiprocessor System Detected: 2 CPUs
FreeBSD/SMP: 2 package(s) x 1 core(s)
random: registering fast source Intel Secure Key Seed
random: fast provider: "Intel Secure Key Seed"
random: unblocking device.
ioapic0 <Version 1.1> irqs 0-31
Launching APs: 1
random: entropy device external interface
kbd1 at kbdmux0
smbios0: <System Management BIOS> at iomem 0xf1000-0xf101e
smbios0: Entry point: v2.1 (32-bit), Version: 2.6, BCD Revision: 2.6
aesni0: <AES-CBC,AES-CCM,AES-GCM,AES-ICM,AES-XTS>
acpi0: <BHYVE BVXSDT >
acpi0: Power Button (fixed)
atrtc0: <AT realtime clock> port 0x70-0x71 irq 8 on acpi0
atrtc0: registered as a time-of-day clock, resolution 1.000000s
Event timer "RTC" frequency 32768 Hz quality 0
attimer0: <AT timer> port 0x40-0x43 irq 0 on acpi0
Timecounter "i8254" frequency 1193182 Hz quality 0
Event timer "i8254" frequency 1193182 Hz quality 100
hpet0: <High Precision Event Timer> iomem 0xfed00000-0xfed003ff on acpi0
Timecounter "HPET" frequency 16777216 Hz quality 950
Event timer "HPET" frequency 16777216 Hz quality 550
Event timer "HPET1" frequency 16777216 Hz quality 450
Event timer "HPET2" frequency 16777216 Hz quality 450
Event timer "HPET3" frequency 16777216 Hz quality 450
Event timer "HPET4" frequency 16777216 Hz quality 450
Event timer "HPET5" frequency 16777216 Hz quality 450
Event timer "HPET6" frequency 16777216 Hz quality 450
Timecounter "ACPI-fast" frequency 3579545 Hz quality 900
acpi_timer0: <32-bit timer at 3.579545MHz> port 0x408-0x40b on acpi0
pcib0: <ACPI Host-PCI bridge> port 0xcf8-0xcff on acpi0
pci0: <ACPI PCI bus> on pcib0
virtio_pci0: <VirtIO PCI (legacy) Block adapter> port 0x2000-0x207f mem 0xc0000000-0xc0001fff irq 16 at device 4.0 on pci0
vtblk0: <VirtIO Block Adapter> on virtio_pci0
vtblk0: 6176MB (12649685 512 byte sectors)
isab0: <PCI-ISA bridge> at device 31.0 on pci0
isa0: <ISA bus> on isab0
vmgenc0: <VM Generation Counter> on acpi0
random: registering fast source VM Generation ID
atkbdc0: <Keyboard controller (i8042)> port 0x60,0x64 irq 1 on acpi0
atkbd0: <AT Keyboard> irq 1 on atkbdc0
kbd0 at atkbd0
atkbd0: [GIANT-LOCKED]
driver bug: Unable to set devclass (class: atkbdc devname: (unknown))
Unhandled ps2 mouse command 0xe1
psm0: <PS/2 Mouse> irq 12 on atkbdc0
psm0: [GIANT-LOCKED]
WARNING: Device "psm" is Giant locked and may be deleted before FreeBSD 16.0.
psm0: model Generic PS/2 mouse, device ID 0
uart0: <16550 or compatible> port 0x3f8-0x3ff irq 4 flags 0x10 on acpi0
uart0: console (115200,n,8,1)
uart1: <16550 or compatible> port 0x2f8-0x2ff irq 3 on acpi0
uart2: <16550 or compatible> port 0x3e8-0x3ef irq 4 on acpi0
uart3: <16550 or compatible> port 0x2e8-0x2ef irq 3 on acpi0
vga0: <Generic ISA VGA> at port 0x3b0-0x3bb iomem 0xb0000-0xb7fff pnpid PNP0900 on isa0
Timecounter "TSC-low" frequency 1197229939 Hz quality 1000
Timecounters tick every 10.000 msec
usb_needs_explore_all: no devclass
Trying to mount root from ufs:/dev/gpt/rootfs [rw,noatime]...
WARNING: WITNESS option enabled, expect reduced performance.
Dual Console: Serial Primary, Video Secondary
Setting hostuuid: b2f167e6-e72d-4ca4-a50f-405b37661dcd.
Setting hostid: 0x82e0000b.
Starting file system checks:
/dev/gpt/rootfs: FILE SYSTEM CLEAN; SKIPPING CHECKS
/dev/gpt/rootfs: clean, 597087 free (3103 frags, 74248 blocks, 0.2% fragmentation)
/dev/gpt/efiboot0: 4 files, 31 MiB free (64226 clusters)
FIXED
/dev/gpt/efiboot0: MARKING FILE SYSTEM CLEAN
Growing root partition to fill device
vtbd0 recovering is not needed
gpart: autofill: No space left on device
growfs: requested size 5.0GB is equal to the current filesystem size 5.0GB
Mounting local filesystems:.
ELF ldconfig path: /lib /usr/lib
32-bit compatibility ldconfig path: /usr/lib32
Setting hostname: freebsd.
Setting up harvesting: PURE_VMGENID,PURE_RDSEED,RANDOMDEV,[CALLOUT],[UMA],[FS_ATIME],SWI,INTERRUPT,NET_NG,[NET_ETHER],NET_TUN,MOUSE,KEYBOARD,ATTACH,CACHED
Feeding entropy: .
lo0: link state changed to UP
Starting Network: lo0.
lo0: flags=1008049<UP,LOOPBACK,RUNNING,MULTICAST,LOWER_UP> metric 0 mtu 16384
	options=680003<RXCSUM,TXCSUM,LINKSTATE,RXCSUM_IPV6,TXCSUM_IPV6>
	inet 127.0.0.1 netmask 0xff000000
	inet6 ::1 prefixlen 128
	inet6 fe80::1%lo0 prefixlen 64 scopeid 0x1
	groups: lo
	nd6 options=23<PERFORMNUD,ACCEPT_RTADV,AUTO_LINKLOCAL>
Starting devd.
route: message indicates error: File exists
add host 127.0.0.1: gateway lo0 fib 0: route already in table
route: message indicates error: File exists
add host ::1: gateway lo0 fib 0: route already in table
add net fe80::: gateway ::1
add net ff02::: gateway ::1
add net ::ffff:0.0.0.0: gateway ::1
add net ::0.0.0.0: gateway ::1
Updating motd:.
Creating and/or trimming log files.
Clearing /tmp (X related).
Updating /var/run/os-release done.
Starting syslogd.
No core dumps found.
Mounting late filesystems:.
Starting local daemons:ipc_entry_lookup failed on 0 /usr/src/sys/compat/mach/ipc/ipc_kmsg.c:1318
ipc_entry_lookup failed on 0 /usr/src/sys/compat/mach/ipc/ipc_kmsg.c:1318
ipc_entry_lookup failed on 0 /usr/src/sys/compat/mach/ipc/ipc_kmsg.c:1318
ipc_entry_lookup failed on 0 /usr/src/sys/compat/mach/ipc/ipc_kmsg.c:1318
ipc_entry_lookup failed on 0 /usr/src/sys/compat/mach/ipc/ipc_kmsg.c:1318
ipc_entry_lookup failed on 0 /usr/src/sys/compat/mach/ipc/ipc_kmsg.c:1318
ipc_entry_lookup failed on 0 /usr/src/sys/compat/mach/ipc/ipc_kmsg.c:1318
ipc_entry_lookup failed on 0 /usr/src/sys/compat/mach/ipc/ipc_kmsg.c:1318
ipc_entry_lookup failed on 0 /usr/src/sys/compat/mach/ipc/ipc_kmsg.c:1318
ipc_entry_lookup failed on 0 /usr/src/sys/compat/mach/ipc/ipc_kmsg.c:1318
ipc_entry_lookup failed on 0 /usr/src/sys/compat/mach/ipc/ipc_kmsg.c:1318
